// Vitest Snapshot v1, https://vitest.dev/guide/snapshot.html

exports[`game data tables > DS_ANCESTRIES is present and unchanged 1`] = `
{
  "bytes": 37412,
  "count": 12,
  "hash": "195d754c",
}
`;

exports[`game data tables > DS_CAREERS is present and unchanged 1`] = `
{
  "bytes": 46915,
  "count": 18,
  "hash": "5314fe1b",
}
`;

exports[`game data tables > DS_CLASSES is present and unchanged 1`] = `
{
  "bytes": 178571,
  "count": 11,
  "hash": "23ef5dd",
}
`;

exports[`game data tables > DS_COMPLICATIONS is present and unchanged 1`] = `
{
  "bytes": 49251,
  "count": 100,
  "hash": "62512333",
}
`;

exports[`game data tables > DS_CULTURES is present and unchanged 1`] = `
{
  "bytes": 8752,
  "count": 4,
  "hash": "4b83d1a8",
}
`;

exports[`game data tables > DS_KITS is present and unchanged 1`] = `
{
  "bytes": 17414,
  "count": 25,
  "hash": "6e78f431",
}
`;

exports[`game data tables > DS_LANGUAGES is present and unchanged 1`] = `
{
  "bytes": 194,
  "count": 18,
  "hash": "12f4d159",
}
`;

exports[`game data tables > DS_LEVEL_BONUSES is present and unchanged 1`] = `
{
  "bytes": 674,
  "count": 7,
  "hash": "92c3e9bb",
}
`;

exports[`game data tables > DS_SKILL_GROUPS is present and unchanged 1`] = `
{
  "bytes": 708,
  "count": 5,
  "hash": "e6f9fa0c",
}
`;

exports[`game data tables > DS_STEPS is present and unchanged 1`] = `
{
  "bytes": 1881,
  "count": 7,
  "hash": "9cf8acb3",
}
`;
