// Vitest Snapshot v1, https://vitest.dev/guide/snapshot.html

exports[`game data tables > DS_ANCESTRIES is present and unchanged 1`] = `
{
  "bytes": 25019,
  "count": 12,
  "hash": "613096dc",
}
`;

exports[`game data tables > DS_CAREERS is present and unchanged 1`] = `
{
  "bytes": 26781,
  "count": 18,
  "hash": "c25cd996",
}
`;

exports[`game data tables > DS_CLASSES is present and unchanged 1`] = `
{
  "bytes": 174325,
  "count": 11,
  "hash": "3e5ad3b",
}
`;

exports[`game data tables > DS_COMPLICATIONS is present and unchanged 1`] = `
{
  "bytes": 30469,
  "count": 100,
  "hash": "2d4e22e4",
}
`;

exports[`game data tables > DS_CULTURES is present and unchanged 1`] = `
{
  "bytes": 5365,
  "count": 4,
  "hash": "87c336d",
}
`;

exports[`game data tables > DS_KITS is present and unchanged 1`] = `
{
  "bytes": 13066,
  "count": 25,
  "hash": "bab99062",
}
`;

exports[`game data tables > DS_LANGUAGES is present and unchanged 1`] = `
{
  "bytes": 194,
  "count": 18,
  "hash": "12f4d159",
}
`;

exports[`game data tables > DS_LEVEL_BONUSES is present and unchanged 1`] = `
{
  "bytes": 674,
  "count": 7,
  "hash": "92c3e9bb",
}
`;

exports[`game data tables > DS_SKILL_GROUPS is present and unchanged 1`] = `
{
  "bytes": 708,
  "count": 5,
  "hash": "e6f9fa0c",
}
`;

exports[`game data tables > DS_STEPS is present and unchanged 1`] = `
{
  "bytes": 1881,
  "count": 7,
  "hash": "9cf8acb3",
}
`;
