// Vitest Snapshot v1, https://vitest.dev/guide/snapshot.html

exports[`game data tables > DS_ANCESTRIES is present and unchanged 1`] = `
{
  "bytes": 37261,
  "count": 12,
  "hash": "705c5d53",
}
`;

exports[`game data tables > DS_CAREERS is present and unchanged 1`] = `
{
  "bytes": 46915,
  "count": 18,
  "hash": "5314fe1b",
}
`;

exports[`game data tables > DS_CLASSES is present and unchanged 1`] = `
{
  "bytes": 185837,
  "count": 11,
  "hash": "fcdd8a29",
}
`;

exports[`game data tables > DS_COMPLICATIONS is present and unchanged 1`] = `
{
  "bytes": 49724,
  "count": 100,
  "hash": "31baec1",
}
`;

exports[`game data tables > DS_CULTURES is present and unchanged 1`] = `
{
  "bytes": 8823,
  "count": 4,
  "hash": "86ee3861",
}
`;

exports[`game data tables > DS_KITS is present and unchanged 1`] = `
{
  "bytes": 17414,
  "count": 25,
  "hash": "6e78f431",
}
`;

exports[`game data tables > DS_LANGUAGES is present and unchanged 1`] = `
{
  "bytes": 194,
  "count": 18,
  "hash": "12f4d159",
}
`;

exports[`game data tables > DS_LEVEL_BONUSES is present and unchanged 1`] = `
{
  "bytes": 674,
  "count": 7,
  "hash": "92c3e9bb",
}
`;

exports[`game data tables > DS_SKILL_GROUPS is present and unchanged 1`] = `
{
  "bytes": 708,
  "count": 5,
  "hash": "e6f9fa0c",
}
`;

exports[`game data tables > DS_STEPS is present and unchanged 1`] = `
{
  "bytes": 1881,
  "count": 7,
  "hash": "9cf8acb3",
}
`;
